conditioning in 39.5 s
  step 1/20  735.1 s
  step 2/20  724.4 s
  step 3/20  718.9 s
  step 4/20  721.4 s
  step 5/20  719.4 s
  step 6/20  721.8 s
  step 7/20  722.4 s
  step 8/20  722.3 s
  step 9/20  720.2 s
  step 10/20  719.4 s
  step 11/20  723.6 s
  step 12/20  723.3 s
  step 13/20  721.0 s
  step 14/20  720.6 s
  step 15/20  718.9 s
  step 16/20  721.3 s
  step 17/20  724.2 s
  step 18/20  721.8 s
  step 19/20  716.6 s
  step 20/20  721.3 s
sampled 20 evaluations (res_multistep, simple) in 14437.7 s
frames (124, 768, 1344, 3)
audio (2, 165600) 32000
done
